// Jest Snapshot v1, https://goo.gl/fbAQLP

exports[`Button renders correctly 1`] = `
<div
  class="lib-04-btn"
>
  foo
</div>
`;
